
  .   ____          _            __ _ _
 /\\ / ___'_ __ _ _(_)_ __  __ _ \ \ \ \
( ( )\___ | '_ | '_| | '_ \/ _` | \ \ \ \
 \\/  ___)| |_)| | | | | || (_| |  ) ) ) )
  '  |____| .__|_| |_|_| |_\__, | / / / /
 =========|_|==============|___/=/_/_/_/
 :: Spring Boot ::               (v2.7.18)

2026-03-17 15:46:35.510  INFO 2444085 --- [           main] com.xidian.kg.KgApplication              : Starting KgApplication v0.0.1-SNAPSHOT using Java 17.0.18 on k8s-node-2 with PID 2444085 (/home/lzf/kb_tools/kg-server-2/target/kg-0.0.1-SNAPSHOT.jar started by root in /home/lzf/kb_tools/kg-server-2)
2026-03-17 15:46:35.516  INFO 2444085 --- [           main] com.xidian.kg.KgApplication              : No active profile set, falling back to 1 default profile: "default"
2026-03-17 15:46:36.476  INFO 2444085 --- [           main] .s.d.r.c.RepositoryConfigurationDelegate : Multiple Spring Data modules found, entering strict repository configuration mode
2026-03-17 15:46:36.481  INFO 2444085 --- [           main] .s.d.r.c.RepositoryConfigurationDelegate : Bootstrapping Spring Data Elasticsearch repositories in DEFAULT mode.
2026-03-17 15:46:36.782  INFO 2444085 --- [           main] .s.d.r.c.RepositoryConfigurationDelegate : Finished Spring Data repository scanning in 293 ms. Found 1 Elasticsearch repository interfaces.
2026-03-17 15:46:36.790  INFO 2444085 --- [           main] .s.d.r.c.RepositoryConfigurationDelegate : Multiple Spring Data modules found, entering strict repository configuration mode
2026-03-17 15:46:36.791  INFO 2444085 --- [           main] .s.d.r.c.RepositoryConfigurationDelegate : Bootstrapping Spring Data Reactive Elasticsearch repositories in DEFAULT mode.
2026-03-17 15:46:36.808  INFO 2444085 --- [           main] .s.d.r.c.RepositoryConfigurationDelegate : Finished Spring Data repository scanning in 17 ms. Found 0 Reactive Elasticsearch repository interfaces.
2026-03-17 15:46:36.828  INFO 2444085 --- [           main] .s.d.r.c.RepositoryConfigurationDelegate : Multiple Spring Data modules found, entering strict repository configuration mode
2026-03-17 15:46:36.828  INFO 2444085 --- [           main] .s.d.r.c.RepositoryConfigurationDelegate : Bootstrapping Spring Data Neo4j repositories in DEFAULT mode.
2026-03-17 15:46:36.849  INFO 2444085 --- [           main] .RepositoryConfigurationExtensionSupport : Spring Data Neo4j - Could not safely identify store assignment for repository candidate interface com.xidian.kg.dao.EsNodeRepository; If you want this repository to be a Neo4j repository, consider annotating your entities with one of these annotations: org.neo4j.ogm.annotation.NodeEntity, org.neo4j.ogm.annotation.RelationshipEntity (preferred), or consider extending one of the following types with your repository: org.springframework.data.neo4j.repository.Neo4jRepository
2026-03-17 15:46:36.850  INFO 2444085 --- [           main] .s.d.r.c.RepositoryConfigurationDelegate : Finished Spring Data repository scanning in 15 ms. Found 0 Neo4j repository interfaces.
2026-03-17 15:46:37.600  INFO 2444085 --- [           main] o.s.b.w.embedded.tomcat.TomcatWebServer  : Tomcat initialized with port(s): 8052 (http)
2026-03-17 15:46:37.613  INFO 2444085 --- [           main] o.apache.catalina.core.StandardService   : Starting service [Tomcat]
2026-03-17 15:46:37.614  INFO 2444085 --- [           main] org.apache.catalina.core.StandardEngine  : Starting Servlet engine: [Apache Tomcat/9.0.83]
2026-03-17 15:46:37.701  INFO 2444085 --- [           main] o.a.c.c.C.[Tomcat].[localhost].[/]       : Initializing Spring embedded WebApplicationContext
2026-03-17 15:46:37.702  INFO 2444085 --- [           main] w.s.c.ServletWebServerApplicationContext : Root WebApplicationContext: initialization completed in 2117 ms
2026-03-17 15:46:39.405  INFO 2444085 --- [           main] org.neo4j.ogm.metadata.DomainInfo        : Starting Post-processing phase
2026-03-17 15:46:39.405  INFO 2444085 --- [           main] org.neo4j.ogm.metadata.DomainInfo        : Building byLabel lookup maps
2026-03-17 15:46:39.405  INFO 2444085 --- [           main] org.neo4j.ogm.metadata.DomainInfo        : Building interface class map for 48 classes
2026-03-17 15:46:39.428  INFO 2444085 --- [           main] org.neo4j.ogm.metadata.DomainInfo        : Post-processing complete
2026-03-17 15:46:40.285  INFO 2444085 --- [           main] org.neo4j.driver.internal.DriverFactory  : Direct driver instance 1407167674 created for server address localhost:7687
2026-03-17 15:46:40.297  INFO 2444085 --- [           main] o.s.d.neo4j.mapping.Neo4jMappingContext  : Neo4jMappingContext initialisation completed
2026-03-17 15:46:40.357  INFO 2444085 --- [           main] o.s.b.w.embedded.tomcat.TomcatWebServer  : Tomcat started on port(s): 8052 (http) with context path ''
2026-03-17 15:46:40.368  INFO 2444085 --- [           main] com.xidian.kg.KgApplication              : Started KgApplication in 5.513 seconds (JVM running for 6.094)
2026-03-17 16:15:15.276  INFO 2444085 --- [0.0-8052-exec-1] o.a.c.c.C.[Tomcat].[localhost].[/]       : Initializing Spring DispatcherServlet 'dispatcherServlet'
2026-03-17 16:15:15.276  INFO 2444085 --- [0.0-8052-exec-1] o.s.web.servlet.DispatcherServlet        : Initializing Servlet 'dispatcherServlet'
2026-03-17 16:15:15.278  INFO 2444085 --- [0.0-8052-exec-1] o.s.web.servlet.DispatcherServlet        : Completed initialization in 2 ms
2026-03-17 16:15:15.422  WARN 2444085 --- [0.0-8052-exec-1] org.elasticsearch.client.RestClient      : request [POST http://localhost:9200/kb_nodes_1/_search?typed_keys=true&max_concurrent_shard_requests=5&ignore_unavailable=true&expand_wildcards=open&allow_no_indices=true&ignore_throttled=false&search_type=query_then_fetch&batched_reduce_size=512] returned 1 warnings: [299 Elasticsearch-8.11.0-d9ec3fa628c7b0ba3d25692e277ba26814820b20 "[ignore_throttled] parameter is deprecated because frozen indices have been deprecated. Consider cold or frozen tiers in place of frozen indices."]
2026-03-17 16:15:15.459  WARN 2444085 --- [0.0-8052-exec-1] org.elasticsearch.client.RestClient      : request [POST http://localhost:9200/kb_nodes_1/_search?typed_keys=true&max_concurrent_shard_requests=5&ignore_unavailable=true&expand_wildcards=open&allow_no_indices=true&ignore_throttled=false&search_type=query_then_fetch&batched_reduce_size=512] returned 1 warnings: [299 Elasticsearch-8.11.0-d9ec3fa628c7b0ba3d25692e277ba26814820b20 "[ignore_throttled] parameter is deprecated because frozen indices have been deprecated. Consider cold or frozen tiers in place of frozen indices."]
2026-03-17 16:15:16.264  WARN 2444085 --- [0.0-8052-exec-3] org.elasticsearch.client.RestClient      : request [POST http://localhost:9200/kb_nodes_2/_search?typed_keys=true&max_concurrent_shard_requests=5&ignore_unavailable=true&expand_wildcards=open&allow_no_indices=true&ignore_throttled=false&search_type=query_then_fetch&batched_reduce_size=512] returned 1 warnings: [299 Elasticsearch-8.11.0-d9ec3fa628c7b0ba3d25692e277ba26814820b20 "[ignore_throttled] parameter is deprecated because frozen indices have been deprecated. Consider cold or frozen tiers in place of frozen indices."]
2026-03-17 16:15:16.271  WARN 2444085 --- [0.0-8052-exec-3] org.elasticsearch.client.RestClient      : request [POST http://localhost:9200/api/_search?typed_keys=true&max_concurrent_shard_requests=5&ignore_unavailable=true&expand_wildcards=open&allow_no_indices=true&ignore_throttled=false&search_type=query_then_fetch&batched_reduce_size=512] returned 1 warnings: [299 Elasticsearch-8.11.0-d9ec3fa628c7b0ba3d25692e277ba26814820b20 "[ignore_throttled] parameter is deprecated because frozen indices have been deprecated. Consider cold or frozen tiers in place of frozen indices."]
2026-03-17 16:15:16.279  WARN 2444085 --- [0.0-8052-exec-3] org.elasticsearch.client.RestClient      : request [POST http://localhost:9200/container/_search?typed_keys=true&max_concurrent_shard_requests=5&ignore_unavailable=true&expand_wildcards=open&allow_no_indices=true&ignore_throttled=false&search_type=query_then_fetch&batched_reduce_size=512] returned 1 warnings: [299 Elasticsearch-8.11.0-d9ec3fa628c7b0ba3d25692e277ba26814820b20 "[ignore_throttled] parameter is deprecated because frozen indices have been deprecated. Consider cold or frozen tiers in place of frozen indices."]
2026-03-17 16:15:16.286  WARN 2444085 --- [0.0-8052-exec-3] org.elasticsearch.client.RestClient      : request [POST http://localhost:9200/deployment/_search?typed_keys=true&max_concurrent_shard_requests=5&ignore_unavailable=true&expand_wildcards=open&allow_no_indices=true&ignore_throttled=false&search_type=query_then_fetch&batched_reduce_size=512] returned 1 warnings: [299 Elasticsearch-8.11.0-d9ec3fa628c7b0ba3d25692e277ba26814820b20 "[ignore_throttled] parameter is deprecated because frozen indices have been deprecated. Consider cold or frozen tiers in place of frozen indices."]
2026-03-17 16:15:16.292  WARN 2444085 --- [0.0-8052-exec-3] org.elasticsearch.client.RestClient      : request [POST http://localhost:9200/label_value_pair/_search?typed_keys=true&max_concurrent_shard_requests=5&ignore_unavailable=true&expand_wildcards=open&allow_no_indices=true&ignore_throttled=false&search_type=query_then_fetch&batched_reduce_size=512] returned 1 warnings: [299 Elasticsearch-8.11.0-d9ec3fa628c7b0ba3d25692e277ba26814820b20 "[ignore_throttled] parameter is deprecated because frozen indices have been deprecated. Consider cold or frozen tiers in place of frozen indices."]
2026-03-17 16:15:16.299  WARN 2444085 --- [0.0-8052-exec-3] org.elasticsearch.client.RestClient      : request [POST http://localhost:9200/metric/_search?typed_keys=true&max_concurrent_shard_requests=5&ignore_unavailable=true&expand_wildcards=open&allow_no_indices=true&ignore_throttled=false&search_type=query_then_fetch&batched_reduce_size=512] returned 1 warnings: [299 Elasticsearch-8.11.0-d9ec3fa628c7b0ba3d25692e277ba26814820b20 "[ignore_throttled] parameter is deprecated because frozen indices have been deprecated. Consider cold or frozen tiers in place of frozen indices."]
2026-03-17 16:15:16.305  WARN 2444085 --- [0.0-8052-exec-3] org.elasticsearch.client.RestClient      : request [POST http://localhost:9200/namespace/_search?typed_keys=true&max_concurrent_shard_requests=5&ignore_unavailable=true&expand_wildcards=open&allow_no_indices=true&ignore_throttled=false&search_type=query_then_fetch&batched_reduce_size=512] returned 1 warnings: [299 Elasticsearch-8.11.0-d9ec3fa628c7b0ba3d25692e277ba26814820b20 "[ignore_throttled] parameter is deprecated because frozen indices have been deprecated. Consider cold or frozen tiers in place of frozen indices."]
2026-03-17 16:15:16.310  WARN 2444085 --- [0.0-8052-exec-3] org.elasticsearch.client.RestClient      : request [POST http://localhost:9200/node/_search?typed_keys=true&max_concurrent_shard_requests=5&ignore_unavailable=true&expand_wildcards=open&allow_no_indices=true&ignore_throttled=false&search_type=query_then_fetch&batched_reduce_size=512] returned 1 warnings: [299 Elasticsearch-8.11.0-d9ec3fa628c7b0ba3d25692e277ba26814820b20 "[ignore_throttled] parameter is deprecated because frozen indices have been deprecated. Consider cold or frozen tiers in place of frozen indices."]
2026-03-17 16:15:16.317  WARN 2444085 --- [0.0-8052-exec-3] org.elasticsearch.client.RestClient      : request [POST http://localhost:9200/pod/_search?typed_keys=true&max_concurrent_shard_requests=5&ignore_unavailable=true&expand_wildcards=open&allow_no_indices=true&ignore_throttled=false&search_type=query_then_fetch&batched_reduce_size=512] returned 1 warnings: [299 Elasticsearch-8.11.0-d9ec3fa628c7b0ba3d25692e277ba26814820b20 "[ignore_throttled] parameter is deprecated because frozen indices have been deprecated. Consider cold or frozen tiers in place of frozen indices."]
2026-03-17 16:15:16.323  WARN 2444085 --- [0.0-8052-exec-3] org.elasticsearch.client.RestClient      : request [POST http://localhost:9200/replicaset/_search?typed_keys=true&max_concurrent_shard_requests=5&ignore_unavailable=true&expand_wildcards=open&allow_no_indices=true&ignore_throttled=false&search_type=query_then_fetch&batched_reduce_size=512] returned 1 warnings: [299 Elasticsearch-8.11.0-d9ec3fa628c7b0ba3d25692e277ba26814820b20 "[ignore_throttled] parameter is deprecated because frozen indices have been deprecated. Consider cold or frozen tiers in place of frozen indices."]
2026-03-17 16:15:16.329  WARN 2444085 --- [0.0-8052-exec-3] org.elasticsearch.client.RestClient      : request [POST http://localhost:9200/service/_search?typed_keys=true&max_concurrent_shard_requests=5&ignore_unavailable=true&expand_wildcards=open&allow_no_indices=true&ignore_throttled=false&search_type=query_then_fetch&batched_reduce_size=512] returned 1 warnings: [299 Elasticsearch-8.11.0-d9ec3fa628c7b0ba3d25692e277ba26814820b20 "[ignore_throttled] parameter is deprecated because frozen indices have been deprecated. Consider cold or frozen tiers in place of frozen indices."]
2026-03-17 16:15:16.335  WARN 2444085 --- [0.0-8052-exec-3] org.elasticsearch.client.RestClient      : request [POST http://localhost:9200/statefulset/_search?typed_keys=true&max_concurrent_shard_requests=5&ignore_unavailable=true&expand_wildcards=open&allow_no_indices=true&ignore_throttled=false&search_type=query_then_fetch&batched_reduce_size=512] returned 1 warnings: [299 Elasticsearch-8.11.0-d9ec3fa628c7b0ba3d25692e277ba26814820b20 "[ignore_throttled] parameter is deprecated because frozen indices have been deprecated. Consider cold or frozen tiers in place of frozen indices."]
2026-03-17 16:17:51.809  WARN 2444085 --- [0.0-8052-exec-8] org.elasticsearch.client.RestClient      : request [POST http://localhost:9200/kb_nodes_1/_search?typed_keys=true&max_concurrent_shard_requests=5&ignore_unavailable=true&expand_wildcards=open&allow_no_indices=true&ignore_throttled=false&search_type=query_then_fetch&batched_reduce_size=512] returned 1 warnings: [299 Elasticsearch-8.11.0-d9ec3fa628c7b0ba3d25692e277ba26814820b20 "[ignore_throttled] parameter is deprecated because frozen indices have been deprecated. Consider cold or frozen tiers in place of frozen indices."]
2026-03-17 16:17:51.809  WARN 2444085 --- [0.0-8052-exec-2] org.elasticsearch.client.RestClient      : request [POST http://localhost:9200/kb_nodes_1/_search?typed_keys=true&max_concurrent_shard_requests=5&ignore_unavailable=true&expand_wildcards=open&allow_no_indices=true&ignore_throttled=false&search_type=query_then_fetch&batched_reduce_size=512] returned 1 warnings: [299 Elasticsearch-8.11.0-d9ec3fa628c7b0ba3d25692e277ba26814820b20 "[ignore_throttled] parameter is deprecated because frozen indices have been deprecated. Consider cold or frozen tiers in place of frozen indices."]
2026-03-17 16:17:51.817  WARN 2444085 --- [0.0-8052-exec-8] org.elasticsearch.client.RestClient      : request [POST http://localhost:9200/kb_nodes_1/_search?typed_keys=true&max_concurrent_shard_requests=5&ignore_unavailable=true&expand_wildcards=open&allow_no_indices=true&ignore_throttled=false&search_type=query_then_fetch&batched_reduce_size=512] returned 1 warnings: [299 Elasticsearch-8.11.0-d9ec3fa628c7b0ba3d25692e277ba26814820b20 "[ignore_throttled] parameter is deprecated because frozen indices have been deprecated. Consider cold or frozen tiers in place of frozen indices."]
2026-03-17 16:17:52.742  WARN 2444085 --- [.0-8052-exec-10] org.elasticsearch.client.RestClient      : request [POST http://localhost:9200/kb_nodes_1/_search?typed_keys=true&max_concurrent_shard_requests=5&ignore_unavailable=true&expand_wildcards=open&allow_no_indices=true&ignore_throttled=false&search_type=query_then_fetch&batched_reduce_size=512] returned 1 warnings: [299 Elasticsearch-8.11.0-d9ec3fa628c7b0ba3d25692e277ba26814820b20 "[ignore_throttled] parameter is deprecated because frozen indices have been deprecated. Consider cold or frozen tiers in place of frozen indices."]
2026-03-17 16:17:53.295  WARN 2444085 --- [0.0-8052-exec-1] org.elasticsearch.client.RestClient      : request [POST http://localhost:9200/kb_nodes_1/_search?typed_keys=true&max_concurrent_shard_requests=5&ignore_unavailable=true&expand_wildcards=open&allow_no_indices=true&ignore_throttled=false&search_type=query_then_fetch&batched_reduce_size=512] returned 1 warnings: [299 Elasticsearch-8.11.0-d9ec3fa628c7b0ba3d25692e277ba26814820b20 "[ignore_throttled] parameter is deprecated because frozen indices have been deprecated. Consider cold or frozen tiers in place of frozen indices."]
2026-03-17 16:17:53.841  WARN 2444085 --- [0.0-8052-exec-9] org.elasticsearch.client.RestClient      : request [POST http://localhost:9200/kb_nodes_1/_search?typed_keys=true&max_concurrent_shard_requests=5&ignore_unavailable=true&expand_wildcards=open&allow_no_indices=true&ignore_throttled=false&search_type=query_then_fetch&batched_reduce_size=512] returned 1 warnings: [299 Elasticsearch-8.11.0-d9ec3fa628c7b0ba3d25692e277ba26814820b20 "[ignore_throttled] parameter is deprecated because frozen indices have been deprecated. Consider cold or frozen tiers in place of frozen indices."]
2026-03-17 16:17:54.310  WARN 2444085 --- [0.0-8052-exec-6] org.elasticsearch.client.RestClient      : request [POST http://localhost:9200/kb_nodes_1/_search?typed_keys=true&max_concurrent_shard_requests=5&ignore_unavailable=true&expand_wildcards=open&allow_no_indices=true&ignore_throttled=false&search_type=query_then_fetch&batched_reduce_size=512] returned 1 warnings: [299 Elasticsearch-8.11.0-d9ec3fa628c7b0ba3d25692e277ba26814820b20 "[ignore_throttled] parameter is deprecated because frozen indices have been deprecated. Consider cold or frozen tiers in place of frozen indices."]
2026-03-17 16:17:54.830  WARN 2444085 --- [0.0-8052-exec-5] org.elasticsearch.client.RestClient      : request [POST http://localhost:9200/kb_nodes_1/_search?typed_keys=true&max_concurrent_shard_requests=5&ignore_unavailable=true&expand_wildcards=open&allow_no_indices=true&ignore_throttled=false&search_type=query_then_fetch&batched_reduce_size=512] returned 1 warnings: [299 Elasticsearch-8.11.0-d9ec3fa628c7b0ba3d25692e277ba26814820b20 "[ignore_throttled] parameter is deprecated because frozen indices have been deprecated. Consider cold or frozen tiers in place of frozen indices."]
2026-03-17 16:17:55.320  WARN 2444085 --- [0.0-8052-exec-3] org.elasticsearch.client.RestClient      : request [POST http://localhost:9200/kb_nodes_1/_search?typed_keys=true&max_concurrent_shard_requests=5&ignore_unavailable=true&expand_wildcards=open&allow_no_indices=true&ignore_throttled=false&search_type=query_then_fetch&batched_reduce_size=512] returned 1 warnings: [299 Elasticsearch-8.11.0-d9ec3fa628c7b0ba3d25692e277ba26814820b20 "[ignore_throttled] parameter is deprecated because frozen indices have been deprecated. Consider cold or frozen tiers in place of frozen indices."]
2026-03-17 16:17:57.710  WARN 2444085 --- [.0-8052-exec-10] org.elasticsearch.client.RestClient      : request [POST http://localhost:9200/kb_nodes_1/_search?typed_keys=true&max_concurrent_shard_requests=5&ignore_unavailable=true&expand_wildcards=open&allow_no_indices=true&ignore_throttled=false&search_type=query_then_fetch&batched_reduce_size=512] returned 1 warnings: [299 Elasticsearch-8.11.0-d9ec3fa628c7b0ba3d25692e277ba26814820b20 "[ignore_throttled] parameter is deprecated because frozen indices have been deprecated. Consider cold or frozen tiers in place of frozen indices."]
2026-03-17 16:18:00.388  WARN 2444085 --- [0.0-8052-exec-2] org.elasticsearch.client.RestClient      : request [POST http://localhost:9200/kb_nodes_1/_search?typed_keys=true&max_concurrent_shard_requests=5&ignore_unavailable=true&expand_wildcards=open&allow_no_indices=true&ignore_throttled=false&search_type=query_then_fetch&batched_reduce_size=512] returned 1 warnings: [299 Elasticsearch-8.11.0-d9ec3fa628c7b0ba3d25692e277ba26814820b20 "[ignore_throttled] parameter is deprecated because frozen indices have been deprecated. Consider cold or frozen tiers in place of frozen indices."]
2026-03-17 16:18:02.611  WARN 2444085 --- [.0-8052-exec-10] org.elasticsearch.client.RestClient      : request [POST http://localhost:9200/kb_nodes_1/_search?typed_keys=true&max_concurrent_shard_requests=5&ignore_unavailable=true&expand_wildcards=open&allow_no_indices=true&ignore_throttled=false&search_type=query_then_fetch&batched_reduce_size=512] returned 1 warnings: [299 Elasticsearch-8.11.0-d9ec3fa628c7b0ba3d25692e277ba26814820b20 "[ignore_throttled] parameter is deprecated because frozen indices have been deprecated. Consider cold or frozen tiers in place of frozen indices."]
2026-03-17 16:18:04.165  WARN 2444085 --- [0.0-8052-exec-5] org.elasticsearch.client.RestClient      : request [POST http://localhost:9200/kb_nodes_1/_search?typed_keys=true&max_concurrent_shard_requests=5&ignore_unavailable=true&expand_wildcards=open&allow_no_indices=true&ignore_throttled=false&search_type=query_then_fetch&batched_reduce_size=512] returned 1 warnings: [299 Elasticsearch-8.11.0-d9ec3fa628c7b0ba3d25692e277ba26814820b20 "[ignore_throttled] parameter is deprecated because frozen indices have been deprecated. Consider cold or frozen tiers in place of frozen indices."]
2026-03-17 16:18:05.998  INFO 2444085 --- [0.0-8052-exec-4] c.x.k.s.I.KnowledgeBaseReadServiceImpl   : >>> getAll 被调用: kbId=fault-kb, storage=ES, limit=200
2026-03-17 16:18:06.006  WARN 2444085 --- [0.0-8052-exec-4] org.elasticsearch.client.RestClient      : request [POST http://localhost:9200/kb_nodes_1/_search?typed_keys=true&max_concurrent_shard_requests=5&ignore_unavailable=true&expand_wildcards=open&allow_no_indices=true&ignore_throttled=false&search_type=query_then_fetch&batched_reduce_size=512] returned 1 warnings: [299 Elasticsearch-8.11.0-d9ec3fa628c7b0ba3d25692e277ba26814820b20 "[ignore_throttled] parameter is deprecated because frozen indices have been deprecated. Consider cold or frozen tiers in place of frozen indices."]
2026-03-17 16:18:11.844  INFO 2444085 --- [0.0-8052-exec-8] c.x.k.s.I.KnowledgeBaseReadServiceImpl   : >>> getAll 被调用: kbId=fault-kb, storage=NEO4J, limit=200
2026-03-17 16:18:11.907  WARN 2444085 --- [0.0-8052-exec-8] o.n.o.d.bolt.response.BoltResponse       : Neo.ClientNotification.Statement.FeatureDeprecationWarning: This feature is deprecated and will be removed in future versions.
	MATCH p=(a)-[r]->(b) WHERE id(a) IN $nodeIds AND id(b) IN $nodeIds RETURN p
	                                                 ^
The query used a deprecated function: `id`.
2026-03-17 16:18:11.908  WARN 2444085 --- [0.0-8052-exec-8] o.n.o.d.bolt.response.BoltResponse       : Neo.ClientNotification.Statement.FeatureDeprecationWarning: This feature is deprecated and will be removed in future versions.
	MATCH p=(a)-[r]->(b) WHERE id(a) IN $nodeIds AND id(b) IN $nodeIds RETURN p
	                           ^
The query used a deprecated function: `id`.
2026-03-17 16:18:14.058  WARN 2444085 --- [0.0-8052-exec-7] o.n.o.d.bolt.response.BoltResponse       : Neo.ClientNotification.Statement.FeatureDeprecationWarning: This feature is deprecated and will be removed in future versions.
	MATCH p=(a)-[r]->(b) WHERE id(a) IN $nodeIds AND id(b) IN $nodeIds RETURN p
	                                                 ^
The query used a deprecated function: `id`.
2026-03-17 16:18:14.058  WARN 2444085 --- [0.0-8052-exec-7] o.n.o.d.bolt.response.BoltResponse       : Neo.ClientNotification.Statement.FeatureDeprecationWarning: This feature is deprecated and will be removed in future versions.
	MATCH p=(a)-[r]->(b) WHERE id(a) IN $nodeIds AND id(b) IN $nodeIds RETURN p
	                           ^
The query used a deprecated function: `id`.
2026-03-17 16:18:14.424  WARN 2444085 --- [0.0-8052-exec-6] o.n.o.d.bolt.response.BoltResponse       : Neo.ClientNotification.Statement.FeatureDeprecationWarning: This feature is deprecated and will be removed in future versions.
	MATCH p=(a)-[r]->(b) WHERE id(a) IN $nodeIds AND id(b) IN $nodeIds RETURN p
	                                                 ^
The query used a deprecated function: `id`.
2026-03-17 16:18:14.424  WARN 2444085 --- [0.0-8052-exec-6] o.n.o.d.bolt.response.BoltResponse       : Neo.ClientNotification.Statement.FeatureDeprecationWarning: This feature is deprecated and will be removed in future versions.
	MATCH p=(a)-[r]->(b) WHERE id(a) IN $nodeIds AND id(b) IN $nodeIds RETURN p
	                           ^
The query used a deprecated function: `id`.
2026-03-17 16:18:15.956  WARN 2444085 --- [0.0-8052-exec-9] o.n.o.d.bolt.response.BoltResponse       : Neo.ClientNotification.Statement.FeatureDeprecationWarning: This feature is deprecated and will be removed in future versions.
	MATCH p=(a)-[r]->(b) WHERE id(a) IN $nodeIds AND id(b) IN $nodeIds RETURN p
	                                                 ^
The query used a deprecated function: `id`.
2026-03-17 16:18:15.957  WARN 2444085 --- [0.0-8052-exec-9] o.n.o.d.bolt.response.BoltResponse       : Neo.ClientNotification.Statement.FeatureDeprecationWarning: This feature is deprecated and will be removed in future versions.
	MATCH p=(a)-[r]->(b) WHERE id(a) IN $nodeIds AND id(b) IN $nodeIds RETURN p
	                           ^
The query used a deprecated function: `id`.
2026-03-17 16:18:16.319  WARN 2444085 --- [0.0-8052-exec-5] o.n.o.d.bolt.response.BoltResponse       : Neo.ClientNotification.Statement.FeatureDeprecationWarning: This feature is deprecated and will be removed in future versions.
	MATCH p=(a)-[r]->(b) WHERE id(a) IN $nodeIds AND id(b) IN $nodeIds RETURN p
	                                                 ^
The query used a deprecated function: `id`.
2026-03-17 16:18:16.320  WARN 2444085 --- [0.0-8052-exec-5] o.n.o.d.bolt.response.BoltResponse       : Neo.ClientNotification.Statement.FeatureDeprecationWarning: This feature is deprecated and will be removed in future versions.
	MATCH p=(a)-[r]->(b) WHERE id(a) IN $nodeIds AND id(b) IN $nodeIds RETURN p
	                           ^
The query used a deprecated function: `id`.
2026-03-17 16:18:17.544  WARN 2444085 --- [0.0-8052-exec-3] o.n.o.d.bolt.response.BoltResponse       : Neo.ClientNotification.Statement.FeatureDeprecationWarning: This feature is deprecated and will be removed in future versions.
	MATCH p=(a)-[r]->(b) WHERE id(a) IN $nodeIds AND id(b) IN $nodeIds RETURN p
	                                                 ^
The query used a deprecated function: `id`.
2026-03-17 16:18:17.544  WARN 2444085 --- [0.0-8052-exec-3] o.n.o.d.bolt.response.BoltResponse       : Neo.ClientNotification.Statement.FeatureDeprecationWarning: This feature is deprecated and will be removed in future versions.
	MATCH p=(a)-[r]->(b) WHERE id(a) IN $nodeIds AND id(b) IN $nodeIds RETURN p
	                           ^
The query used a deprecated function: `id`.
2026-03-17 16:18:17.876  WARN 2444085 --- [0.0-8052-exec-2] o.n.o.d.bolt.response.BoltResponse       : Neo.ClientNotification.Statement.FeatureDeprecationWarning: This feature is deprecated and will be removed in future versions.
	MATCH p=(a)-[r]->(b) WHERE id(a) IN $nodeIds AND id(b) IN $nodeIds RETURN p
	                                                 ^
The query used a deprecated function: `id`.
2026-03-17 16:18:17.877  WARN 2444085 --- [0.0-8052-exec-2] o.n.o.d.bolt.response.BoltResponse       : Neo.ClientNotification.Statement.FeatureDeprecationWarning: This feature is deprecated and will be removed in future versions.
	MATCH p=(a)-[r]->(b) WHERE id(a) IN $nodeIds AND id(b) IN $nodeIds RETURN p
	                           ^
The query used a deprecated function: `id`.
2026-03-17 16:18:19.480  WARN 2444085 --- [0.0-8052-exec-4] o.n.o.d.bolt.response.BoltResponse       : Neo.ClientNotification.Statement.FeatureDeprecationWarning: This feature is deprecated and will be removed in future versions.
	MATCH p=(a)-[r]->(b) WHERE id(a) IN $nodeIds AND id(b) IN $nodeIds RETURN p
	                                                 ^
The query used a deprecated function: `id`.
2026-03-17 16:18:19.480  WARN 2444085 --- [0.0-8052-exec-4] o.n.o.d.bolt.response.BoltResponse       : Neo.ClientNotification.Statement.FeatureDeprecationWarning: This feature is deprecated and will be removed in future versions.
	MATCH p=(a)-[r]->(b) WHERE id(a) IN $nodeIds AND id(b) IN $nodeIds RETURN p
	                           ^
The query used a deprecated function: `id`.
2026-03-17 16:18:20.224  WARN 2444085 --- [0.0-8052-exec-7] o.n.o.d.bolt.response.BoltResponse       : Neo.ClientNotification.Statement.FeatureDeprecationWarning: This feature is deprecated and will be removed in future versions.
	MATCH p=(a)-[r]->(b) WHERE id(a) IN $nodeIds AND id(b) IN $nodeIds RETURN p
	                                                 ^
The query used a deprecated function: `id`.
2026-03-17 16:18:20.225  WARN 2444085 --- [0.0-8052-exec-7] o.n.o.d.bolt.response.BoltResponse       : Neo.ClientNotification.Statement.FeatureDeprecationWarning: This feature is deprecated and will be removed in future versions.
	MATCH p=(a)-[r]->(b) WHERE id(a) IN $nodeIds AND id(b) IN $nodeIds RETURN p
	                           ^
The query used a deprecated function: `id`.
2026-03-17 16:18:22.590  WARN 2444085 --- [0.0-8052-exec-1] o.n.o.d.bolt.response.BoltResponse       : Neo.ClientNotification.Statement.FeatureDeprecationWarning: This feature is deprecated and will be removed in future versions.
	MATCH p=(a)-[r]->(b) WHERE id(a) IN $nodeIds AND id(b) IN $nodeIds RETURN p
	                                                 ^
The query used a deprecated function: `id`.
2026-03-17 16:18:22.590  WARN 2444085 --- [0.0-8052-exec-1] o.n.o.d.bolt.response.BoltResponse       : Neo.ClientNotification.Statement.FeatureDeprecationWarning: This feature is deprecated and will be removed in future versions.
	MATCH p=(a)-[r]->(b) WHERE id(a) IN $nodeIds AND id(b) IN $nodeIds RETURN p
	                           ^
The query used a deprecated function: `id`.
2026-03-17 16:18:22.931  WARN 2444085 --- [0.0-8052-exec-9] o.n.o.d.bolt.response.BoltResponse       : Neo.ClientNotification.Statement.FeatureDeprecationWarning: This feature is deprecated and will be removed in future versions.
	MATCH p=(a)-[r]->(b) WHERE id(a) IN $nodeIds AND id(b) IN $nodeIds RETURN p
	                                                 ^
The query used a deprecated function: `id`.
2026-03-17 16:18:22.931  WARN 2444085 --- [0.0-8052-exec-9] o.n.o.d.bolt.response.BoltResponse       : Neo.ClientNotification.Statement.FeatureDeprecationWarning: This feature is deprecated and will be removed in future versions.
	MATCH p=(a)-[r]->(b) WHERE id(a) IN $nodeIds AND id(b) IN $nodeIds RETURN p
	                           ^
The query used a deprecated function: `id`.
2026-03-17 16:18:24.134  INFO 2444085 --- [0.0-8052-exec-5] c.x.k.s.I.KnowledgeBaseReadServiceImpl   : >>> getAll 被调用: kbId=fault-kb, storage=NEO4J, limit=200
2026-03-17 16:18:24.160  WARN 2444085 --- [0.0-8052-exec-5] o.n.o.d.bolt.response.BoltResponse       : Neo.ClientNotification.Statement.FeatureDeprecationWarning: This feature is deprecated and will be removed in future versions.
	MATCH p=(a)-[r]->(b) WHERE id(a) IN $nodeIds AND id(b) IN $nodeIds RETURN p
	                                                 ^
The query used a deprecated function: `id`.
2026-03-17 16:18:24.160  WARN 2444085 --- [0.0-8052-exec-5] o.n.o.d.bolt.response.BoltResponse       : Neo.ClientNotification.Statement.FeatureDeprecationWarning: This feature is deprecated and will be removed in future versions.
	MATCH p=(a)-[r]->(b) WHERE id(a) IN $nodeIds AND id(b) IN $nodeIds RETURN p
	                           ^
The query used a deprecated function: `id`.
2026-03-17 16:18:26.416  WARN 2444085 --- [0.0-8052-exec-4] org.elasticsearch.client.RestClient      : request [POST http://localhost:9200/openstack_parameters/_search?typed_keys=true&max_concurrent_shard_requests=5&ignore_unavailable=true&expand_wildcards=open&allow_no_indices=true&ignore_throttled=false&search_type=query_then_fetch&batched_reduce_size=512] returned 1 warnings: [299 Elasticsearch-8.11.0-d9ec3fa628c7b0ba3d25692e277ba26814820b20 "[ignore_throttled] parameter is deprecated because frozen indices have been deprecated. Consider cold or frozen tiers in place of frozen indices."]
2026-03-17 16:18:26.431  WARN 2444085 --- [.0-8052-exec-10] org.elasticsearch.client.RestClient      : request [POST http://localhost:9200/openstack_parameters/_search?typed_keys=true&max_concurrent_shard_requests=5&ignore_unavailable=true&expand_wildcards=open&allow_no_indices=true&ignore_throttled=false&search_type=query_then_fetch&batched_reduce_size=512] returned 1 warnings: [299 Elasticsearch-8.11.0-d9ec3fa628c7b0ba3d25692e277ba26814820b20 "[ignore_throttled] parameter is deprecated because frozen indices have been deprecated. Consider cold or frozen tiers in place of frozen indices."]
2026-03-17 16:18:26.454  WARN 2444085 --- [0.0-8052-exec-4] org.elasticsearch.client.RestClient      : request [POST http://localhost:9200/openstack_templates/_search?typed_keys=true&max_concurrent_shard_requests=5&ignore_unavailable=true&expand_wildcards=open&allow_no_indices=true&ignore_throttled=false&search_type=query_then_fetch&batched_reduce_size=512] returned 1 warnings: [299 Elasticsearch-8.11.0-d9ec3fa628c7b0ba3d25692e277ba26814820b20 "[ignore_throttled] parameter is deprecated because frozen indices have been deprecated. Consider cold or frozen tiers in place of frozen indices."]
2026-03-17 16:18:26.473  WARN 2444085 --- [0.0-8052-exec-4] org.elasticsearch.client.RestClient      : request [POST http://localhost:9200/openstack_workflows/_search?typed_keys=true&max_concurrent_shard_requests=5&ignore_unavailable=true&expand_wildcards=open&allow_no_indices=true&ignore_throttled=false&search_type=query_then_fetch&batched_reduce_size=512] returned 1 warnings: [299 Elasticsearch-8.11.0-d9ec3fa628c7b0ba3d25692e277ba26814820b20 "[ignore_throttled] parameter is deprecated because frozen indices have been deprecated. Consider cold or frozen tiers in place of frozen indices."]
2026-03-17 16:18:26.480  WARN 2444085 --- [0.0-8052-exec-4] org.elasticsearch.client.RestClient      : request [POST http://localhost:9200/hdfs_parameters/_search?typed_keys=true&max_concurrent_shard_requests=5&ignore_unavailable=true&expand_wildcards=open&allow_no_indices=true&ignore_throttled=false&search_type=query_then_fetch&batched_reduce_size=512] returned 1 warnings: [299 Elasticsearch-8.11.0-d9ec3fa628c7b0ba3d25692e277ba26814820b20 "[ignore_throttled] parameter is deprecated because frozen indices have been deprecated. Consider cold or frozen tiers in place of frozen indices."]
2026-03-17 16:18:26.509  WARN 2444085 --- [0.0-8052-exec-4] org.elasticsearch.client.RestClient      : request [POST http://localhost:9200/hdfs_templates/_search?typed_keys=true&max_concurrent_shard_requests=5&ignore_unavailable=true&expand_wildcards=open&allow_no_indices=true&ignore_throttled=false&search_type=query_then_fetch&batched_reduce_size=512] returned 1 warnings: [299 Elasticsearch-8.11.0-d9ec3fa628c7b0ba3d25692e277ba26814820b20 "[ignore_throttled] parameter is deprecated because frozen indices have been deprecated. Consider cold or frozen tiers in place of frozen indices."]
2026-03-17 16:18:26.537  WARN 2444085 --- [0.0-8052-exec-4] org.elasticsearch.client.RestClient      : request [POST http://localhost:9200/hdfs_workflows/_search?typed_keys=true&max_concurrent_shard_requests=5&ignore_unavailable=true&expand_wildcards=open&allow_no_indices=true&ignore_throttled=false&search_type=query_then_fetch&batched_reduce_size=512] returned 1 warnings: [299 Elasticsearch-8.11.0-d9ec3fa628c7b0ba3d25692e277ba26814820b20 "[ignore_throttled] parameter is deprecated because frozen indices have been deprecated. Consider cold or frozen tiers in place of frozen indices."]
2026-03-17 16:18:26.544  WARN 2444085 --- [0.0-8052-exec-4] org.elasticsearch.client.RestClient      : request [POST http://localhost:9200/openssh_parameters/_search?typed_keys=true&max_concurrent_shard_requests=5&ignore_unavailable=true&expand_wildcards=open&allow_no_indices=true&ignore_throttled=false&search_type=query_then_fetch&batched_reduce_size=512] returned 1 warnings: [299 Elasticsearch-8.11.0-d9ec3fa628c7b0ba3d25692e277ba26814820b20 "[ignore_throttled] parameter is deprecated because frozen indices have been deprecated. Consider cold or frozen tiers in place of frozen indices."]
2026-03-17 16:18:26.574  WARN 2444085 --- [0.0-8052-exec-4] org.elasticsearch.client.RestClient      : request [POST http://localhost:9200/openssh_templates/_search?typed_keys=true&max_concurrent_shard_requests=5&ignore_unavailable=true&expand_wildcards=open&allow_no_indices=true&ignore_throttled=false&search_type=query_then_fetch&batched_reduce_size=512] returned 1 warnings: [299 Elasticsearch-8.11.0-d9ec3fa628c7b0ba3d25692e277ba26814820b20 "[ignore_throttled] parameter is deprecated because frozen indices have been deprecated. Consider cold or frozen tiers in place of frozen indices."]
2026-03-17 16:18:26.599  WARN 2444085 --- [0.0-8052-exec-4] org.elasticsearch.client.RestClient      : request [POST http://localhost:9200/openssh_workflows/_search?typed_keys=true&max_concurrent_shard_requests=5&ignore_unavailable=true&expand_wildcards=open&allow_no_indices=true&ignore_throttled=false&search_type=query_then_fetch&batched_reduce_size=512] returned 1 warnings: [299 Elasticsearch-8.11.0-d9ec3fa628c7b0ba3d25692e277ba26814820b20 "[ignore_throttled] parameter is deprecated because frozen indices have been deprecated. Consider cold or frozen tiers in place of frozen indices."]
2026-03-17 16:18:26.606  WARN 2444085 --- [0.0-8052-exec-4] org.elasticsearch.client.RestClient      : request [POST http://localhost:9200/trainticket_parameters/_search?typed_keys=true&max_concurrent_shard_requests=5&ignore_unavailable=true&expand_wildcards=open&allow_no_indices=true&ignore_throttled=false&search_type=query_then_fetch&batched_reduce_size=512] returned 1 warnings: [299 Elasticsearch-8.11.0-d9ec3fa628c7b0ba3d25692e277ba26814820b20 "[ignore_throttled] parameter is deprecated because frozen indices have been deprecated. Consider cold or frozen tiers in place of frozen indices."]
2026-03-17 16:18:26.626  WARN 2444085 --- [0.0-8052-exec-4] org.elasticsearch.client.RestClient      : request [POST http://localhost:9200/trainticket_templates/_search?typed_keys=true&max_concurrent_shard_requests=5&ignore_unavailable=true&expand_wildcards=open&allow_no_indices=true&ignore_throttled=false&search_type=query_then_fetch&batched_reduce_size=512] returned 1 warnings: [299 Elasticsearch-8.11.0-d9ec3fa628c7b0ba3d25692e277ba26814820b20 "[ignore_throttled] parameter is deprecated because frozen indices have been deprecated. Consider cold or frozen tiers in place of frozen indices."]
2026-03-17 16:18:26.644  WARN 2444085 --- [0.0-8052-exec-4] org.elasticsearch.client.RestClient      : request [POST http://localhost:9200/trainticket_workflows/_search?typed_keys=true&max_concurrent_shard_requests=5&ignore_unavailable=true&expand_wildcards=open&allow_no_indices=true&ignore_throttled=false&search_type=query_then_fetch&batched_reduce_size=512] returned 1 warnings: [299 Elasticsearch-8.11.0-d9ec3fa628c7b0ba3d25692e277ba26814820b20 "[ignore_throttled] parameter is deprecated because frozen indices have been deprecated. Consider cold or frozen tiers in place of frozen indices."]
2026-03-17 16:18:26.817  WARN 2444085 --- [.0-8052-exec-10] org.elasticsearch.client.RestClient      : request [POST http://localhost:9200/openstack_templates/_search?typed_keys=true&max_concurrent_shard_requests=5&ignore_unavailable=true&expand_wildcards=open&allow_no_indices=true&ignore_throttled=false&search_type=query_then_fetch&batched_reduce_size=512] returned 1 warnings: [299 Elasticsearch-8.11.0-d9ec3fa628c7b0ba3d25692e277ba26814820b20 "[ignore_throttled] parameter is deprecated because frozen indices have been deprecated. Consider cold or frozen tiers in place of frozen indices."]
2026-03-17 16:18:27.035  WARN 2444085 --- [.0-8052-exec-10] org.elasticsearch.client.RestClient      : request [POST http://localhost:9200/openstack_workflows/_search?typed_keys=true&max_concurrent_shard_requests=5&ignore_unavailable=true&expand_wildcards=open&allow_no_indices=true&ignore_throttled=false&search_type=query_then_fetch&batched_reduce_size=512] returned 1 warnings: [299 Elasticsearch-8.11.0-d9ec3fa628c7b0ba3d25692e277ba26814820b20 "[ignore_throttled] parameter is deprecated because frozen indices have been deprecated. Consider cold or frozen tiers in place of frozen indices."]
2026-03-17 16:18:27.049  WARN 2444085 --- [.0-8052-exec-10] org.elasticsearch.client.RestClient      : request [POST http://localhost:9200/hdfs_parameters/_search?typed_keys=true&max_concurrent_shard_requests=5&ignore_unavailable=true&expand_wildcards=open&allow_no_indices=true&ignore_throttled=false&search_type=query_then_fetch&batched_reduce_size=512] returned 1 warnings: [299 Elasticsearch-8.11.0-d9ec3fa628c7b0ba3d25692e277ba26814820b20 "[ignore_throttled] parameter is deprecated because frozen indices have been deprecated. Consider cold or frozen tiers in place of frozen indices."]
2026-03-17 16:18:27.180  WARN 2444085 --- [.0-8052-exec-10] org.elasticsearch.client.RestClient      : request [POST http://localhost:9200/hdfs_templates/_search?typed_keys=true&max_concurrent_shard_requests=5&ignore_unavailable=true&expand_wildcards=open&allow_no_indices=true&ignore_throttled=false&search_type=query_then_fetch&batched_reduce_size=512] returned 1 warnings: [299 Elasticsearch-8.11.0-d9ec3fa628c7b0ba3d25692e277ba26814820b20 "[ignore_throttled] parameter is deprecated because frozen indices have been deprecated. Consider cold or frozen tiers in place of frozen indices."]
2026-03-17 16:18:27.343  WARN 2444085 --- [.0-8052-exec-10] org.elasticsearch.client.RestClient      : request [POST http://localhost:9200/hdfs_workflows/_search?typed_keys=true&max_concurrent_shard_requests=5&ignore_unavailable=true&expand_wildcards=open&allow_no_indices=true&ignore_throttled=false&search_type=query_then_fetch&batched_reduce_size=512] returned 1 warnings: [299 Elasticsearch-8.11.0-d9ec3fa628c7b0ba3d25692e277ba26814820b20 "[ignore_throttled] parameter is deprecated because frozen indices have been deprecated. Consider cold or frozen tiers in place of frozen indices."]
2026-03-17 16:18:27.357  WARN 2444085 --- [.0-8052-exec-10] org.elasticsearch.client.RestClient      : request [POST http://localhost:9200/openssh_parameters/_search?typed_keys=true&max_concurrent_shard_requests=5&ignore_unavailable=true&expand_wildcards=open&allow_no_indices=true&ignore_throttled=false&search_type=query_then_fetch&batched_reduce_size=512] returned 1 warnings: [299 Elasticsearch-8.11.0-d9ec3fa628c7b0ba3d25692e277ba26814820b20 "[ignore_throttled] parameter is deprecated because frozen indices have been deprecated. Consider cold or frozen tiers in place of frozen indices."]
2026-03-17 16:18:27.460  WARN 2444085 --- [.0-8052-exec-10] org.elasticsearch.client.RestClient      : request [POST http://localhost:9200/openssh_templates/_search?typed_keys=true&max_concurrent_shard_requests=5&ignore_unavailable=true&expand_wildcards=open&allow_no_indices=true&ignore_throttled=false&search_type=query_then_fetch&batched_reduce_size=512] returned 1 warnings: [299 Elasticsearch-8.11.0-d9ec3fa628c7b0ba3d25692e277ba26814820b20 "[ignore_throttled] parameter is deprecated because frozen indices have been deprecated. Consider cold or frozen tiers in place of frozen indices."]
2026-03-17 16:18:27.556  WARN 2444085 --- [.0-8052-exec-10] org.elasticsearch.client.RestClient      : request [POST http://localhost:9200/openssh_workflows/_search?typed_keys=true&max_concurrent_shard_requests=5&ignore_unavailable=true&expand_wildcards=open&allow_no_indices=true&ignore_throttled=false&search_type=query_then_fetch&batched_reduce_size=512] returned 1 warnings: [299 Elasticsearch-8.11.0-d9ec3fa628c7b0ba3d25692e277ba26814820b20 "[ignore_throttled] parameter is deprecated because frozen indices have been deprecated. Consider cold or frozen tiers in place of frozen indices."]
2026-03-17 16:18:27.598  WARN 2444085 --- [.0-8052-exec-10] org.elasticsearch.client.RestClient      : request [POST http://localhost:9200/trainticket_parameters/_search?typed_keys=true&max_concurrent_shard_requests=5&ignore_unavailable=true&expand_wildcards=open&allow_no_indices=true&ignore_throttled=false&search_type=query_then_fetch&batched_reduce_size=512] returned 1 warnings: [299 Elasticsearch-8.11.0-d9ec3fa628c7b0ba3d25692e277ba26814820b20 "[ignore_throttled] parameter is deprecated because frozen indices have been deprecated. Consider cold or frozen tiers in place of frozen indices."]
2026-03-17 16:18:28.024  WARN 2444085 --- [.0-8052-exec-10] org.elasticsearch.client.RestClient      : request [POST http://localhost:9200/trainticket_templates/_search?typed_keys=true&max_concurrent_shard_requests=5&ignore_unavailable=true&expand_wildcards=open&allow_no_indices=true&ignore_throttled=false&search_type=query_then_fetch&batched_reduce_size=512] returned 1 warnings: [299 Elasticsearch-8.11.0-d9ec3fa628c7b0ba3d25692e277ba26814820b20 "[ignore_throttled] parameter is deprecated because frozen indices have been deprecated. Consider cold or frozen tiers in place of frozen indices."]
2026-03-17 16:18:28.509  WARN 2444085 --- [.0-8052-exec-10] org.elasticsearch.client.RestClient      : request [POST http://localhost:9200/trainticket_workflows/_search?typed_keys=true&max_concurrent_shard_requests=5&ignore_unavailable=true&expand_wildcards=open&allow_no_indices=true&ignore_throttled=false&search_type=query_then_fetch&batched_reduce_size=512] returned 1 warnings: [299 Elasticsearch-8.11.0-d9ec3fa628c7b0ba3d25692e277ba26814820b20 "[ignore_throttled] parameter is deprecated because frozen indices have been deprecated. Consider cold or frozen tiers in place of frozen indices."]
2026-03-17 16:18:29.428  WARN 2444085 --- [0.0-8052-exec-9] org.elasticsearch.client.RestClient      : request [POST http://localhost:9200/openstack_templates/_search?typed_keys=true&max_concurrent_shard_requests=5&ignore_unavailable=true&expand_wildcards=open&allow_no_indices=true&ignore_throttled=false&search_type=query_then_fetch&batched_reduce_size=512] returned 1 warnings: [299 Elasticsearch-8.11.0-d9ec3fa628c7b0ba3d25692e277ba26814820b20 "[ignore_throttled] parameter is deprecated because frozen indices have been deprecated. Consider cold or frozen tiers in place of frozen indices."]
2026-03-17 16:33:51.791  INFO 2444085 --- [ionShutdownHook] o.neo4j.driver.internal.InternalDriver   : Closing driver instance 1407167674
2026-03-17 16:33:51.999  INFO 2444085 --- [ionShutdownHook] o.n.ogm.drivers.bolt.driver.BoltDriver   : Shutting down Bolt driver org.neo4j.driver.internal.InternalDriver@4bc8ac3f 
